Building Kissing.Statement
WARNING: THIS IS NOT REAL LANDRUN! UNSAFELY RUNNING exec lake build Kissing.Statement
⚠ [8924/8924] Built Kissing.Statement (124s)
warning: Kissing/Statement.lean:37:8: declaration uses `sorry`
warning: Kissing/Statement.lean:42:8: declaration uses `sorry`
warning: Kissing/Statement.lean:46:8: declaration uses `sorry`
warning: Kissing/Statement.lean:56:8: declaration uses `sorry`
warning: Kissing/Statement.lean:62:8: declaration uses `sorry`
warning: Kissing/Statement.lean:68:8: declaration uses `sorry`
Build completed successfully (8924 jobs).
WARNING: THIS IS NOT REAL LANDRUN! UNSAFELY RUNNING exec <tools>/lean4export/.lake/build/bin/lean4export Kissing.Statement -- Quot Quot.mk Quot.lift Quot.ind Kissing.exists_isKissing_encard_eq_twelve Kissing.encard_le_twelve_of_isKissing Kissing.kissingNumber_three Kissing.isKissing_antipodal Kissing.not_isKissing_close Kissing.not_isKissing_far propext Quot.sound Classical.choice Nat.add Nat.sub Nat.mul Nat.pow Nat.gcd Nat.div Nat.mod Nat.beq Nat.ble Nat.land Nat.lor Nat.xor Nat.shiftLeft Nat.shiftRight String.ofList Char.ofNat List eagerReduce Nat String String.mk Char optParam autoParam semiOutParam outParam
Exporting #[Quot, Quot.mk, Quot.lift, Quot.ind, Kissing.exists_isKissing_encard_eq_twelve, Kissing.encard_le_twelve_of_isKissing, Kissing.kissingNumber_three, Kissing.isKissing_antipodal, Kissing.not_isKissing_close, Kissing.not_isKissing_far, propext, Quot.sound, Classical.choice, Nat.add, Nat.sub, Nat.mul, Nat.pow, Nat.gcd, Nat.div, Nat.mod, Nat.beq, Nat.ble, Nat.land, Nat.lor, Nat.xor, Nat.shiftLeft, Nat.shiftRight, String.ofList, Char.ofNat, List, eagerReduce, Nat, String, String.mk, Char, optParam, autoParam, semiOutParam, outParam] from Kissing.Statement
Building Kissing.Solution
WARNING: THIS IS NOT REAL LANDRUN! UNSAFELY RUNNING exec lake build Kissing.Solution
⚠ [8926/8962] Replayed ThomsonGen.ThreePoint
warning: ThomsonGen/ThreePoint.lean:161:30: This simp argument is unused:
  real_inner_self_eq_norm_sq

Hint: Omit it from the simp argument list.
  [apply] simp [Set.domRestrict, v, hx]

Note: This linter can be disabled with `set_option linter.unusedSimpArgs false`
warning: ThomsonGen/ThreePoint.lean:206:65: This simp argument is unused:
  Pi.star_apply

Hint: Omit it from the simp argument list.
  [apply] simp only [matDot, Matrix.sum_apply, Matrix.vecMulVec_apply, star_trivial, dotProduct, Matrix.mulVec,
    Finset.sum_mul, Finset.mul_sum]

Note: This linter can be disabled with `set_option linter.unusedSimpArgs false`
warning: ThomsonGen/ThreePoint.lean:243:85: Used `tac1 <;> tac2` where `(tac1; tac2)` would suffice

Note: This linter can be disabled with `set_option linter.unnecessarySeqFocus false`
⚠ [8927/8962] Replayed ThomsonGen.Cert1
warning: ThomsonGen/Cert1.lean:48:19: `if_pos` has been deprecated: Use `ite_eq_left` instead
warning: ThomsonGen/Cert1.lean:48:31: `if_pos` has been deprecated: Use `ite_eq_left` instead
warning: ThomsonGen/Cert1.lean:49:10: `if_neg` has been deprecated: Use `ite_eq_right` instead
warning: ThomsonGen/Cert1.lean:49:20: `if_neg` has been deprecated: Use `ite_eq_right` instead
warning: ThomsonGen/Cert1.lean:74:10: `if_neg` has been deprecated: Use `ite_eq_right` instead
warning: ThomsonGen/Cert1.lean:74:20: `if_neg` has been deprecated: Use `ite_eq_right` instead
✔ [8934/8962] Built Kissing.Cert.Data (32s)
✔ [8935/8962] Built Kissing.Cert.ChkF (28s)
✔ [8936/8962] Built Kissing.Cert.ChkS0 (74s)
✔ [8937/8962] Built Kissing.Cert.ChkS1 (32s)
✔ [8938/8962] Built Kissing.Cert.ChkS2 (30s)
✔ [8939/8962] Built Kissing.Cert.ChkS3 (32s)
✔ [8940/8962] Built Kissing.Cert.ChkS4 (32s)
✔ [8941/8962] Built Kissing.Cert.ChkS5 (33s)
✔ [8942/8962] Built Kissing.Cert.ChkS6 (33s)
✔ [8943/8962] Built Kissing.Cert.ChkS7 (31s)
✔ [8944/8962] Built Kissing.Cert.ChkS8 (27s)
✔ [8945/8962] Built Kissing.Cert.ChkS9 (26s)
✔ [8946/8962] Built Kissing.Cert.ChkS10 (16s)
✔ [8947/8962] Built Kissing.Cert.ChkId (14s)
✔ [8948/8962] Built Kissing.Cert.OkF (11s)
✔ [8949/8962] Built Kissing.Cert.OkS0 (36s)
✔ [8950/8962] Built Kissing.Cert.OkS1 (19s)
✔ [8951/8962] Built Kissing.Cert.OkS2 (20s)
✔ [8952/8962] Built Kissing.Cert.OkS3 (19s)
✔ [8953/8962] Built Kissing.Cert.OkS4 (22s)
✔ [8954/8962] Built Kissing.Cert.OkS5 (22s)
✔ [8955/8962] Built Kissing.Cert.OkS6 (19s)
✔ [8956/8962] Built Kissing.Cert.OkS7 (20s)
✔ [8957/8962] Built Kissing.Cert.OkS8 (17s)
✔ [8958/8962] Built Kissing.Cert.OkS9 (19s)
✔ [8959/8962] Built Kissing.Cert.OkS10 (13s)
✔ [8960/8962] Built Kissing.Cert.Check (14s)
✔ [8961/8962] Built Kissing.Twelve (18s)
✔ [8962/8962] Built Kissing.Solution (15s)
Build completed successfully (8962 jobs).
WARNING: THIS IS NOT REAL LANDRUN! UNSAFELY RUNNING exec <tools>/lean4export/.lake/build/bin/lean4export Kissing.Solution -- Quot Quot.mk Quot.lift Quot.ind Kissing.exists_isKissing_encard_eq_twelve Kissing.encard_le_twelve_of_isKissing Kissing.kissingNumber_three Kissing.isKissing_antipodal Kissing.not_isKissing_close Kissing.not_isKissing_far propext Quot.sound Classical.choice Nat.add Nat.sub Nat.mul Nat.pow Nat.gcd Nat.div Nat.mod Nat.beq Nat.ble Nat.land Nat.lor Nat.xor Nat.shiftLeft Nat.shiftRight String.ofList Char.ofNat List eagerReduce Nat String String.mk Char optParam autoParam semiOutParam outParam
Exporting #[Quot, Quot.mk, Quot.lift, Quot.ind, Kissing.exists_isKissing_encard_eq_twelve, Kissing.encard_le_twelve_of_isKissing, Kissing.kissingNumber_three, Kissing.isKissing_antipodal, Kissing.not_isKissing_close, Kissing.not_isKissing_far, propext, Quot.sound, Classical.choice, Nat.add, Nat.sub, Nat.mul, Nat.pow, Nat.gcd, Nat.div, Nat.mod, Nat.beq, Nat.ble, Nat.land, Nat.lor, Nat.xor, Nat.shiftLeft, Nat.shiftRight, String.ofList, Char.ofNat, List, eagerReduce, Nat, String, String.mk, Char, optParam, autoParam, semiOutParam, outParam] from Kissing.Solution
Running Lean default kernel on solution.
Lean default kernel accepts the solution
Your solution is okay!
real 1433.31
user 957.35
sys 266.53
COMPARATOR EXIT: 0
